	Command being timed: "/home/um202470160/miniconda3/bin/conda run -n QML python /home/um202470160/task2_code/hpc_parallel_training/local_observable_parallel/compare_local_observables.py --run-dir /home/um202470160/task2_code/hpc_parallel_training/data/warmstart_n32_8blocks_heisenberg_threshold001_20260618_222057/bundle/task2_training_n32_8blocks_heisenberg_default_5layer_cz_heisenberg_pauli_20260619_201516 --num-shards 32 --shard-index 26 --input-state zero --paulis X,Y,Z --order odd-even --max-cone-qubits 32 --output-dir /home/um202470160/task2_code/hpc_parallel_training/data/warmstart_n32_8blocks_heisenberg_threshold001_20260618_222057/local_observable_parallel_207577"
	User time (seconds): 3.86
	System time (seconds): 2.76
	Percent of CPU this job got: 12%
	Elapsed (wall clock) time (h:mm:ss or m:ss): 0:51.31
	Average shared text size (kbytes): 0
	Average unshared data size (kbytes): 0
	Average stack size (kbytes): 0
	Average total size (kbytes): 0
	Maximum resident set size (kbytes): 177056
	Average resident set size (kbytes): 0
	Major (requiring I/O) page faults: 0
	Minor (reclaiming a frame) page faults: 111070
	Voluntary context switches: 23163
	Involuntary context switches: 326
	Swaps: 0
	File system inputs: 63200
	File system outputs: 32
	Socket messages sent: 0
	Socket messages received: 0
	Signals delivered: 0
	Page size (bytes): 4096
	Exit status: 0
