	Command being timed: "/home/um202470160/miniconda3/bin/conda run -n QML python /home/um202470160/task2_code/hpc_parallel_training/local_observable_parallel/compare_local_observables.py --run-dir /home/um202470160/task2_code/hpc_parallel_training/data/warmstart_n32_8blocks_heisenberg_threshold001_20260618_222057/bundle/task2_training_n32_8blocks_heisenberg_default_5layer_cz_heisenberg_pauli_20260619_201516 --num-shards 32 --shard-index 21 --input-state zero --paulis X,Y,Z --order odd-even --max-cone-qubits 32 --output-dir /home/um202470160/task2_code/hpc_parallel_training/data/warmstart_n32_8blocks_heisenberg_threshold001_20260618_222057/local_observable_parallel_207577"
	User time (seconds): 1264.45
	System time (seconds): 370.48
	Percent of CPU this job got: 97%
	Elapsed (wall clock) time (h:mm:ss or m:ss): 28:01.23
	Average shared text size (kbytes): 0
	Average unshared data size (kbytes): 0
	Average stack size (kbytes): 0
	Average total size (kbytes): 0
	Maximum resident set size (kbytes): 21144340
	Average resident set size (kbytes): 0
	Major (requiring I/O) page faults: 0
	Minor (reclaiming a frame) page faults: 2425833
	Voluntary context switches: 23190
	Involuntary context switches: 139454
	Swaps: 0
	File system inputs: 22584
	File system outputs: 32
	Socket messages sent: 0
	Socket messages received: 0
	Signals delivered: 0
	Page size (bytes): 4096
	Exit status: 0
