	Command being timed: "/home/um202470160/miniconda3/bin/conda run -n QML python /home/um202470160/task2_code/hpc_parallel_training/local_observable_parallel/compare_local_observables.py --run-dir /home/um202470160/task2_code/hpc_parallel_training/data/task2_parallel_n32_8blocks_default_5layer_cz_edge_quantum_channel_superoperator_from_mix_20260613_180437/bundle/local_observable_bundle_207694 --num-shards 32 --shard-index 19 --input-state zero --paulis X,Y,Z --order odd-even --max-cone-qubits 32 --output-dir /home/um202470160/task2_code/hpc_parallel_training/data/task2_parallel_n32_8blocks_default_5layer_cz_edge_quantum_channel_superoperator_from_mix_20260613_180437/local_observable_parallel_207694"
	User time (seconds): 26.18
	System time (seconds): 6.84
	Percent of CPU this job got: 26%
	Elapsed (wall clock) time (h:mm:ss or m:ss): 2:03.18
	Average shared text size (kbytes): 0
	Average unshared data size (kbytes): 0
	Average stack size (kbytes): 0
	Average total size (kbytes): 0
	Maximum resident set size (kbytes): 500376
	Average resident set size (kbytes): 0
	Major (requiring I/O) page faults: 0
	Minor (reclaiming a frame) page faults: 435147
	Voluntary context switches: 3372
	Involuntary context switches: 2833
	Swaps: 0
	File system inputs: 240
	File system outputs: 32
	Socket messages sent: 0
	Socket messages received: 0
	Signals delivered: 0
	Page size (bytes): 4096
	Exit status: 0
